// Jest Snapshot v1, https://goo.gl/fbAQLP

exports[`Pruebas sobre <GifGridItem /> debe de mostrar correctamente el componente 1`] = `
<div
  className="card animate__animated animate__fadeIn"
>
  <img
    alt="untitulo"
    src="https://localhost/algo.jpg"
  />
  <p>
     
    untitulo
     
  </p>
</div>
`;
